Archive member included to satisfy reference by file (symbol)

c:/st/stm32cubeide_1.7.0/stm32cubeide/plugins/com.st.stm32cube.ide.mcu.externaltools.gnu-tools-for-stm32.9-2020-q2-update.win32_2.0.0.202105311346/tools/bin/../lib/gcc/arm-none-eabi/9.3.1/../../../../arm-none-eabi/lib/thumb/v7-m/nofp\libc_nano.a(lib_a-errno.o)
                              ./Core/Src/syscalls.o (__errno)
c:/st/stm32cubeide_1.7.0/stm32cubeide/plugins/com.st.stm32cube.ide.mcu.externaltools.gnu-tools-for-stm32.9-2020-q2-update.win32_2.0.0.202105311346/tools/bin/../lib/gcc/arm-none-eabi/9.3.1/../../../../arm-none-eabi/lib/thumb/v7-m/nofp\libc_nano.a(lib_a-exit.o)
                              c:/st/stm32cubeide_1.7.0/stm32cubeide/plugins/com.st.stm32cube.ide.mcu.externaltools.gnu-tools-for-stm32.9-2020-q2-update.win32_2.0.0.202105311346/tools/bin/../lib/gcc/arm-none-eabi/9.3.1/../../../../arm-none-eabi/lib/thumb/v7-m/nofp/crt0.o (exit)
c:/st/stm32cubeide_1.7.0/stm32cubeide/plugins/com.st.stm32cube.ide.mcu.externaltools.gnu-tools-for-stm32.9-2020-q2-update.win32_2.0.0.202105311346/tools/bin/../lib/gcc/arm-none-eabi/9.3.1/../../../../arm-none-eabi/lib/thumb/v7-m/nofp\libc_nano.a(lib_a-impure.o)
                              c:/st/stm32cubeide_1.7.0/stm32cubeide/plugins/com.st.stm32cube.ide.mcu.externaltools.gnu-tools-for-stm32.9-2020-q2-update.win32_2.0.0.202105311346/tools/bin/../lib/gcc/arm-none-eabi/9.3.1/../../../../arm-none-eabi/lib/thumb/v7-m/nofp\libc_nano.a(lib_a-exit.o) (_global_impure_ptr)
c:/st/stm32cubeide_1.7.0/stm32cubeide/plugins/com.st.stm32cube.ide.mcu.externaltools.gnu-tools-for-stm32.9-2020-q2-update.win32_2.0.0.202105311346/tools/bin/../lib/gcc/arm-none-eabi/9.3.1/../../../../arm-none-eabi/lib/thumb/v7-m/nofp\libc_nano.a(lib_a-init.o)
                              c:/st/stm32cubeide_1.7.0/stm32cubeide/plugins/com.st.stm32cube.ide.mcu.externaltools.gnu-tools-for-stm32.9-2020-q2-update.win32_2.0.0.202105311346/tools/bin/../lib/gcc/arm-none-eabi/9.3.1/../../../../arm-none-eabi/lib/thumb/v7-m/nofp/crt0.o (__libc_init_array)
c:/st/stm32cubeide_1.7.0/stm32cubeide/plugins/com.st.stm32cube.ide.mcu.externaltools.gnu-tools-for-stm32.9-2020-q2-update.win32_2.0.0.202105311346/tools/bin/../lib/gcc/arm-none-eabi/9.3.1/../../../../arm-none-eabi/lib/thumb/v7-m/nofp\libc_nano.a(lib_a-memset.o)
                              c:/st/stm32cubeide_1.7.0/stm32cubeide/plugins/com.st.stm32cube.ide.mcu.externaltools.gnu-tools-for-stm32.9-2020-q2-update.win32_2.0.0.202105311346/tools/bin/../lib/gcc/arm-none-eabi/9.3.1/../../../../arm-none-eabi/lib/thumb/v7-m/nofp/crt0.o (memset)
c:/st/stm32cubeide_1.7.0/stm32cubeide/plugins/com.st.stm32cube.ide.mcu.externaltools.gnu-tools-for-stm32.9-2020-q2-update.win32_2.0.0.202105311346/tools/bin/../lib/gcc/arm-none-eabi/9.3.1/thumb/v7-m/nofp\libgcc.a(_arm_muldf3.o)
                              ./Core/Src/controller.o (__aeabi_dmul)
c:/st/stm32cubeide_1.7.0/stm32cubeide/plugins/com.st.stm32cube.ide.mcu.externaltools.gnu-tools-for-stm32.9-2020-q2-update.win32_2.0.0.202105311346/tools/bin/../lib/gcc/arm-none-eabi/9.3.1/thumb/v7-m/nofp\libgcc.a(_arm_mulsf3.o)
                              ./Core/Src/controller.o (__aeabi_fmul)
c:/st/stm32cubeide_1.7.0/stm32cubeide/plugins/com.st.stm32cube.ide.mcu.externaltools.gnu-tools-for-stm32.9-2020-q2-update.win32_2.0.0.202105311346/tools/bin/../lib/gcc/arm-none-eabi/9.3.1/thumb/v7-m/nofp\libgcc.a(_arm_addsubdf3.o)
                              ./Core/Src/pid.o (__aeabi_dsub)
c:/st/stm32cubeide_1.7.0/stm32cubeide/plugins/com.st.stm32cube.ide.mcu.externaltools.gnu-tools-for-stm32.9-2020-q2-update.win32_2.0.0.202105311346/tools/bin/../lib/gcc/arm-none-eabi/9.3.1/thumb/v7-m/nofp\libgcc.a(_arm_cmpdf2.o)
                              ./Core/Src/motors.o (__aeabi_dcmplt)
c:/st/stm32cubeide_1.7.0/stm32cubeide/plugins/com.st.stm32cube.ide.mcu.externaltools.gnu-tools-for-stm32.9-2020-q2-update.win32_2.0.0.202105311346/tools/bin/../lib/gcc/arm-none-eabi/9.3.1/thumb/v7-m/nofp\libgcc.a(_arm_fixdfsi.o)
                              ./Core/Src/controller.o (__aeabi_d2iz)
c:/st/stm32cubeide_1.7.0/stm32cubeide/plugins/com.st.stm32cube.ide.mcu.externaltools.gnu-tools-for-stm32.9-2020-q2-update.win32_2.0.0.202105311346/tools/bin/../lib/gcc/arm-none-eabi/9.3.1/thumb/v7-m/nofp\libgcc.a(_arm_truncdfsf2.o)
                              ./Core/Src/pid.o (__aeabi_d2f)
c:/st/stm32cubeide_1.7.0/stm32cubeide/plugins/com.st.stm32cube.ide.mcu.externaltools.gnu-tools-for-stm32.9-2020-q2-update.win32_2.0.0.202105311346/tools/bin/../lib/gcc/arm-none-eabi/9.3.1/thumb/v7-m/nofp\libgcc.a(_arm_addsubsf3.o)
                              ./Core/Src/pid.o (__aeabi_fsub)
c:/st/stm32cubeide_1.7.0/stm32cubeide/plugins/com.st.stm32cube.ide.mcu.externaltools.gnu-tools-for-stm32.9-2020-q2-update.win32_2.0.0.202105311346/tools/bin/../lib/gcc/arm-none-eabi/9.3.1/thumb/v7-m/nofp\libgcc.a(_arm_cmpsf2.o)
                              ./Core/Src/pid.o (__aeabi_fcmplt)
[...]
Memory Configuration

Name             Origin             Length             Attributes
RAM              0x0000000020000000 0x000000000001c000 xrw
RAM2             0x000000002001c000 0x0000000000004000 xrw
FLASH            0x0000000008000000 0x0000000000100000 xr
*default*        0x0000000000000000 0xffffffffffffffff

Linker script and memory map

LOAD c:/st/stm32cubeide_1.7.0/stm32cubeide/plugins/com.st.stm32cube.ide.mcu.externaltools.gnu-tools-for-stm32.9-2020-q2-update.win32_2.0.0.202105311346/tools/bin/../lib/gcc/arm-none-eabi/9.3.1/thumb/v7-m/nofp/crti.o
LOAD c:/st/stm32cubeide_1.7.0/stm32cubeide/plugins/com.st.stm32cube.ide.mcu.externaltools.gnu-tools-for-stm32.9-2020-q2-update.win32_2.0.0.202105311346/tools/bin/../lib/gcc/arm-none-eabi/9.3.1/thumb/v7-m/nofp/crtbegin.o
LOAD c:/st/stm32cubeide_1.7.0/stm32cubeide/plugins/com.st.stm32cube.ide.mcu.externaltools.gnu-tools-for-stm32.9-2020-q2-update.win32_2.0.0.202105311346/tools/bin/../lib/gcc/arm-none-eabi/9.3.1/../../../../arm-none-eabi/lib/thumb/v7-m/nofp/crt0.o
LOAD ./Core/Src/controller.o
LOAD ./Core/Src/delay.o
LOAD ./Core/Src/encoders.o
LOAD ./Core/Src/irs.o
LOAD ./Core/Src/main.o
LOAD ./Core/Src/motors.o
LOAD ./Core/Src/pid.o
LOAD ./Core/Src/stm32f2xx_hal_msp.o
LOAD ./Core/Src/stm32f2xx_it.o
LOAD ./Core/Src/syscalls.o
LOAD ./Core/Src/sysmem.o
LOAD ./Core/Src/system_stm32f2xx.o
LOAD ./Core/Src/systick.o
LOAD ./Core/Startup/startup_stm32f205rgtx.o
LOAD ./Drivers/STM32F2xx_HAL_Driver/Src/stm32f2xx_hal.o
LOAD ./Drivers/STM32F2xx_HAL_Driver/Src/stm32f2xx_hal_adc.o
LOAD ./Drivers/STM32F2xx_HAL_Driver/Src/stm32f2xx_hal_adc_ex.o
LOAD ./Drivers/STM32F2xx_HAL_Driver/Src/stm32f2xx_hal_cortex.o
LOAD ./Drivers/STM32F2xx_HAL_Driver/Src/stm32f2xx_hal_dma.o
LOAD ./Drivers/STM32F2xx_HAL_Driver/Src/stm32f2xx_hal_dma_ex.o
LOAD ./Drivers/STM32F2xx_HAL_Driver/Src/stm32f2xx_hal_exti.o
LOAD ./Drivers/STM32F2xx_HAL_Driver/Src/stm32f2xx_hal_flash.o
LOAD ./Drivers/STM32F2xx_HAL_Driver/Src/stm32f2xx_hal_flash_ex.o
LOAD ./Drivers/STM32F2xx_HAL_Driver/Src/stm32f2xx_hal_gpio.o
LOAD ./Drivers/STM32F2xx_HAL_Driver/Src/stm32f2xx_hal_pwr.o
LOAD ./Drivers/STM32F2xx_HAL_Driver/Src/stm32f2xx_hal_pwr_ex.o
LOAD ./Drivers/STM32F2xx_HAL_Driver/Src/stm32f2xx_hal_rcc.o
LOAD ./Drivers/STM32F2xx_HAL_Driver/Src/stm32f2xx_hal_rcc_ex.o
LOAD ./Drivers/STM32F2xx_HAL_Driver/Src/stm32f2xx_hal_tim.o
LOAD ./Drivers/STM32F2xx_HAL_Driver/Src/stm32f2xx_hal_tim_ex.o
START GROUP
LOAD c:/st/stm32cubeide_1.7.0/stm32cubeide/plugins/com.st.stm32cube.ide.mcu.externaltools.gnu-tools-for-stm32.9-2020-q2-update.win32_2.0.0.202105311346/tools/bin/../lib/gcc/arm-none-eabi/9.3.1/../../../../arm-none-eabi/lib/thumb/v7-m/nofp\libc_nano.a
LOAD c:/st/stm32cubeide_1.7.0/stm32cubeide/plugins/com.st.stm32cube.ide.mcu.externaltools.gnu-tools-for-stm32.9-2020-q2-update.win32_2.0.0.202105311346/tools/bin/../lib/gcc/arm-none-eabi/9.3.1/../../../../arm-none-eabi/lib/thumb/v7-m/nofp\libm.a
END GROUP
START GROUP
LOAD c:/st/stm32cubeide_1.7.0/stm32cubeide/plugins/com.st.stm32cube.ide.mcu.externaltools.gnu-tools-for-stm32.9-2020-q2-update.win32_2.0.0.202105311346/tools/bin/../lib/gcc/arm-none-eabi/9.3.1/thumb/v7-m/nofp\libgcc.a
LOAD c:/st/stm32cubeide_1.7.0/stm32cubeide/plugins/com.st.stm32cube.ide.mcu.externaltools.gnu-tools-for-stm32.9-2020-q2-update.win32_2.0.0.202105311346/tools/bin/../lib/gcc/arm-none-eabi/9.3.1/../../../../arm-none-eabi/lib/thumb/v7-m/nofp\libc_nano.a
END GROUP
START GROUP
LOAD c:/st/stm32cubeide_1.7.0/stm32cubeide/plugins/com.st.stm32cube.ide.mcu.externaltools.gnu-tools-for-stm32.9-2020-q2-update.win32_2.0.0.202105311346/tools/bin/../lib/gcc/arm-none-eabi/9.3.1/thumb/v7-m/nofp\libgcc.a
LOAD c:/st/stm32cubeide_1.7.0/stm32cubeide/plugins/com.st.stm32cube.ide.mcu.externaltools.gnu-tools-for-stm32.9-2020-q2-update.win32_2.0.0.202105311346/tools/bin/../lib/gcc/arm-none-eabi/9.3.1/../../../../arm-none-eabi/lib/thumb/v7-m/nofp\libc_nano.a
LOAD c:/st/stm32cubeide_1.7.0/stm32cubeide/plugins/com.st.stm32cube.ide.mcu.externaltools.gnu-tools-for-stm32.9-2020-q2-update.win32_2.0.0.202105311346/tools/bin/../lib/gcc/arm-none-eabi/9.3.1/../../../../arm-none-eabi/lib/thumb/v7-m/nofp\libnosys.a
END GROUP
START GROUP
LOAD c:/st/stm32cubeide_1.7.0/stm32cubeide/plugins/com.st.stm32cube.ide.mcu.externaltools.gnu-tools-for-stm32.9-2020-q2-update.win32_2.0.0.202105311346/tools/bin/../lib/gcc/arm-none-eabi/9.3.1/thumb/v7-m/nofp\libgcc.a
LOAD c:/st/stm32cubeide_1.7.0/stm32cubeide/plugins/com.st.stm32cube.ide.mcu.externaltools.gnu-tools-for-stm32.9-2020-q2-update.win32_2.0.0.202105311346/tools/bin/../lib/gcc/arm-none-eabi/9.3.1/../../../../arm-none-eabi/lib/thumb/v7-m/nofp\libc_nano.a
LOAD c:/st/stm32cubeide_1.7.0/stm32cubeide/plugins/com.st.stm32cube.ide.mcu.externaltools.gnu-tools-for-stm32.9-2020-q2-update.win32_2.0.0.202105311346/tools/bin/../lib/gcc/arm-none-eabi/9.3.1/../../../../arm-none-eabi/lib/thumb/v7-m/nofp\libnosys.a
END GROUP
LOAD c:/st/stm32cubeide_1.7.0/stm32cubeide/plugins/com.st.stm32cube.ide.mcu.externaltools.gnu-tools-for-stm32.9-2020-q2-update.win32_2.0.0.202105311346/tools/bin/../lib/gcc/arm-none-eabi/9.3.1/thumb/v7-m/nofp/crtend.o
LOAD c:/st/stm32cubeide_1.7.0/stm32cubeide/plugins/com.st.stm32cube.ide.mcu.externaltools.gnu-tools-for-stm32.9-2020-q2-update.win32_2.0.0.202105311346/tools/bin/../lib/gcc/arm-none-eabi/9.3.1/thumb/v7-m/nofp/crtn.o
                0x000000002001c000                _estack = (ORIGIN (RAM) + LENGTH (RAM))
                0x0000000000000200                _Min_Heap_Size = 0x200
                0x0000000000000400                _Min_Stack_Size = 0x400

.isr_vector     0x0000000008000000      0x184
                0x0000000008000000                . = ALIGN (0x4)
 *(.isr_vector)
 .isr_vector    0x0000000008000000      0x184 ./Core/Startup/startup_stm32f205rgtx.o
                0x0000000008000000                g_pfnVectors
                0x0000000008000184                . = ALIGN (0x4)

.text           0x0000000008000188     0x4e2c
                0x0000000008000188                . = ALIGN (0x4)
 *(.text)
 .text          0x0000000008000188       0x40 c:/st/stm32cubeide_1.7.0/stm32cubeide/plugins/com.st.stm32cube.ide.mcu.externaltools.gnu-tools-for-stm32.9-2020-q2-update.win32_2.0.0.202105311346/tools/bin/../lib/gcc/arm-none-eabi/9.3.1/thumb/v7-m/nofp/crtbegin.o
 .text          0x00000000080001c8      0x168 c:/st/stm32cubeide_1.7.0/stm32cubeide/plugins/com.st.stm32cube.ide.mcu.externaltools.gnu-tools-for-stm32.9-2020-q2-update.win32_2.0.0.202105311346/tools/bin/../lib/gcc/arm-none-eabi/9.3.1/thumb/v7-m/nofp\libgcc.a(_arm_mulsf3.o)
                0x00000000080001c8                __aeabi_fmul
                0x00000000080001c8                __mulsf3
 .text          0x0000000008000330      0x378 c:/st/stm32cubeide_1.7.0/stm32cubeide/plugins/com.st.stm32cube.ide.mcu.externaltools.gnu-tools-for-stm32.9-2020-q2-update.win32_2.0.0.202105311346/tools/bin/../lib/gcc/arm-none-eabi/9.3.1/thumb/v7-m/nofp\libgcc.a(_arm_addsubdf3.o)
                0x0000000008000330                __aeabi_drsub
                0x0000000008000338                __aeabi_dsub
                0x0000000008000338                __subdf3
                0x000000000800033c                __aeabi_dadd
                0x000000000800033c                __adddf3
                0x00000000080005b4                __floatunsidf
                0x00000000080005b4                __aeabi_ui2d
                0x00000000080005d4                __floatsidf
                0x00000000080005d4                __aeabi_i2d
                0x00000000080005f8                __aeabi_f2d
                0x00000000080005f8                __extendsfdf2
                0x000000000800063c                __floatundidf
                0x000000000800063c                __aeabi_ul2d
                0x000000000800064c                __floatdidf
                0x000000000800064c                __aeabi_l2d
 .text          0x00000000080006a8      0x110 c:/st/stm32cubeide_1.7.0/stm32cubeide/plugins/com.st.stm32cube.ide.mcu.externaltools.gnu-tools-for-stm32.9-2020-q2-update.win32_2.0.0.202105311346/tools/bin/../lib/gcc/arm-none-eabi/9.3.1/thumb/v7-m/nofp\libgcc.a(_arm_cmpdf2.o)
                0x00000000080006a8                __gtdf2
                0x00000000080006a8                __gedf2
                0x00000000080006b0                __ltdf2
                0x00000000080006b0                __ledf2
                0x00000000080006b8                __nedf2
                0x00000000080006b8                __eqdf2
                0x00000000080006b8                __cmpdf2
                0x0000000008000734                __aeabi_cdrcmple
                0x0000000008000744                __aeabi_cdcmpeq
                0x0000000008000744                __aeabi_cdcmple
                0x0000000008000754                __aeabi_dcmpeq
                0x0000000008000768                __aeabi_dcmplt
                0x000000000800077c                __aeabi_dcmple
                0x0000000008000790                __aeabi_dcmpge
                0x00000000080007a4                __aeabi_dcmpgt
 .text          0x00000000080007b8       0xa0 c:/st/stm32cubeide_1.7.0/stm32cubeide/plugins/com.st.stm32cube.ide.mcu.externaltools.gnu-tools-for-stm32.9-2020-q2-update.win32_2.0.0.202105311346/tools/bin/../lib/gcc/arm-none-eabi/9.3.1/thumb/v7-m/nofp\libgcc.a(_arm_truncdfsf2.o)
                0x00000000080007b8                __truncdfsf2
                0x00000000080007b8                __aeabi_d2f
 .text          0x0000000008000858      0x21c c:/st/stm32cubeide_1.7.0/stm32cubeide/plugins/com.st.stm32cube.ide.mcu.externaltools.gnu-tools-for-stm32.9-2020-q2-update.win32_2.0.0.202105311346/tools/bin/../lib/gcc/arm-none-eabi/9.3.1/thumb/v7-m/nofp\libgcc.a(_arm_addsubsf3.o)
                0x0000000008000858                __aeabi_frsub
                0x0000000008000860                __subsf3
                0x0000000008000860                __aeabi_fsub
                0x0000000008000864                __aeabi_fadd
                0x0000000008000864                __addsf3
                0x00000000080009c4                __aeabi_ui2f
                0x00000000080009c4                __floatunsisf
                0x00000000080009cc                __aeabi_i2f
                0x00000000080009cc                __floatsisf
                0x00000000080009e8                __aeabi_ul2f
                0x00000000080009e8                __floatundisf
                0x00000000080009f8                __aeabi_l2f
                0x00000000080009f8                __floatdisf
 .text          0x0000000008000a74       0xec c:/st/stm32cubeide_1.7.0/stm32cubeide/plugins/com.st.stm32cube.ide.mcu.externaltools.gnu-tools-for-stm32.9-2020-q2-update.win32_2.0.0.202105311346/tools/bin/../lib/gcc/arm-none-eabi/9.3.1/thumb/v7-m/nofp\libgcc.a(_arm_cmpsf2.o)
                0x0000000008000a74                __gesf2
                0x0000000008000a74                __gtsf2
                0x0000000008000a7c                __lesf2
                0x0000000008000a7c                __ltsf2
                0x0000000008000a84                __nesf2
                0x0000000008000a84                __eqsf2
                0x0000000008000a84                __cmpsf2
                0x0000000008000ae4                __aeabi_cfrcmple
                0x0000000008000aec                __aeabi_cfcmpeq
                0x0000000008000aec                __aeabi_cfcmple
                0x0000000008000afc                __aeabi_fcmpeq
                0x0000000008000b10                __aeabi_fcmplt
                0x0000000008000b24                __aeabi_fcmple
                0x0000000008000b38                __aeabi_fcmpge
                0x0000000008000b4c                __aeabi_fcmpgt
 .text          0x0000000008000b60       0x40 c:/st/stm32cubeide_1.7.0/stm32cubeide/plugins/com.st.stm32cube.ide.mcu.externaltools.gnu-tools-for-stm32.9-2020-q2-update.win32_2.0.0.202105311346/tools/bin/../lib/gcc/arm-none-eabi/9.3.1/thumb/v7-m/nofp\libgcc.a(_arm_fixunssfsi.o)
                0x0000000008000b60                __fixunssfsi
                0x0000000008000b60                __aeabi_f2uiz
 .text          0x0000000008000ba0       0x30 c:/st/stm32cubeide_1.7.0/stm32cubeide/plugins/com.st.stm32cube.ide.mcu.externaltools.gnu-tools-for-stm32.9-2020-q2-update.win32_2.0.0.202105311346/tools/bin/../lib/gcc/arm-none-eabi/9.3.1/thumb/v7-m/nofp\libgcc.a(_aeabi_uldivmod.o)
                0x0000000008000ba0                __aeabi_uldivmod
 .text          0x0000000008000bd0      0x2c4 c:/st/stm32cubeide_1.7.0/stm32cubeide/plugins/com.st.stm32cube.ide.mcu.externaltools.gnu-tools-for-stm32.9-2020-q2-update.win32_2.0.0.202105311346/tools/bin/../lib/gcc/arm-none-eabi/9.3.1/thumb/v7-m/nofp\libgcc.a(_udivmoddi4.o)
                0x0000000008000bd0                __udivmoddi4
 .text          0x0000000008000e94        0x4 c:/st/stm32cubeide_1.7.0/stm32cubeide/plugins/com.st.stm32cube.ide.mcu.externaltools.gnu-tools-for-stm32.9-2020-q2-update.win32_2.0.0.202105311346/tools/bin/../lib/gcc/arm-none-eabi/9.3.1/thumb/v7-m/nofp\libgcc.a(_dvmd_tls.o)
                0x0000000008000e94                __aeabi_idiv0
                0x0000000008000e94                __aeabi_ldiv0
 *(.text*)
 .text.Delay_Init
                0x0000000008000e98       0x40 ./Core/Src/delay.o
                0x0000000008000e98                Delay_Init
 .text.delayMicroseconds
                0x0000000008000ed8       0x34 ./Core/Src/delay.o
                0x0000000008000ed8                delayMicroseconds
 .text.getRightEncoderCounts
                0x0000000008000f0c       0x18 ./Core/Src/encoders.o
                0x0000000008000f0c                getRightEncoderCounts
 .text.getLeftEncoderCounts
                0x0000000008000f24       0x1a ./Core/Src/encoders.o
                0x0000000008000f24                getLeftEncoderCounts
 *fill*         0x0000000008000f3e        0x2 
 .text.resetEncoders
                0x0000000008000f40       0x20 ./Core/Src/encoders.o
                0x0000000008000f40                resetEncoders
 .text.readIR   0x0000000008000f60       0xdc ./Core/Src/irs.o
                0x0000000008000f60                readIR
 .text.readLeftIR
                0x000000000800103c       0x10 ./Core/Src/irs.o
                0x000000000800103c                readLeftIR
 .text.readFrontLeftIR
                0x000000000800104c       0x10 ./Core/Src/irs.o
                0x000000000800104c                readFrontLeftIR
 .text.readFrontRightIR
                0x000000000800105c       0x10 ./Core/Src/irs.o
                0x000000000800105c                readFrontRightIR
 .text.readRightIR
                0x000000000800106c       0x10 ./Core/Src/irs.o
                0x000000000800106c                readRightIR
 .text.analogRead
                0x000000000800107c       0xd0 ./Core/Src/irs.o
                0x000000000800107c                analogRead
 .text.HAL_ADC_ConvCpltCallback
                0x000000000800114c       0x20 ./Core/Src/irs.o
                0x000000000800114c                HAL_ADC_ConvCpltCallback
 .text.main     0x000000000800116c       0xe0 ./Core/Src/main.o
                0x000000000800116c                main
 .text.SystemClock_Config
                0x000000000800124c       0x76 ./Core/Src/main.o
                0x000000000800124c                SystemClock_Config
 *fill*         0x00000000080012c2        0x2 
 .text.MX_ADC1_Init
                0x00000000080012c4       0xa4 ./Core/Src/main.o
 .text.MX_TIM2_Init
                0x0000000008001368       0xa8 ./Core/Src/main.o
 .text.MX_TIM3_Init
                0x0000000008001410       0xa8 ./Core/Src/main.o
 .text.MX_TIM4_Init
                0x00000000080014b8       0xf4 ./Core/Src/main.o
 .text.MX_DMA_Init
                0x00000000080015ac       0x40 ./Core/Src/main.o
 .text.MX_GPIO_Init
                0x00000000080015ec       0xcc ./Core/Src/main.o
 .text.Get_HADC1_Ptr
                0x00000000080016b8       0x14 ./Core/Src/main.o
                0x00000000080016b8                Get_HADC1_Ptr
 .text.Error_Handler
                0x00000000080016cc        0xa ./Core/Src/main.o
                0x00000000080016cc                Error_Handler
 *fill*         0x00000000080016d6        0x2 
 .text.limitPWM
                0x00000000080016d8       0x60 ./Core/Src/motors.o
                0x00000000080016d8                limitPWM
 .text.setMotorLPWM
                0x0000000008001738       0x78 ./Core/Src/motors.o
                0x0000000008001738                setMotorLPWM
 .text.setMotorRPWM
                0x00000000080017b0       0x78 ./Core/Src/motors.o
                0x00000000080017b0                setMotorRPWM
 .text.resetMotors
                0x0000000008001828       0x18 ./Core/Src/motors.o
                0x0000000008001828                resetMotors
 .text.resetPID
                0x0000000008001840       0x50 ./Core/Src/pid.o
                0x0000000008001840                resetPID
 .text.limitAngleCorrection
                0x0000000008001890       0xfc ./Core/Src/pid.o
                0x0000000008001890                limitAngleCorrection
 .text.limitDistanceCorrection
                0x000000000800198c       0xfc ./Core/Src/pid.o
                0x000000000800198c                limitDistanceCorrection
 .text.limitFinalPWM
                0x0000000008001a88       0xfc ./Core/Src/pid.o
                0x0000000008001a88                limitFinalPWM
 .text.updatePID
                0x0000000008001b84      0x230 ./Core/Src/pid.o
                0x0000000008001b84                updatePID
 .text.HAL_MspInit
                0x0000000008001db4       0x4c ./Core/Src/stm32f2xx_hal_msp.o
                0x0000000008001db4                HAL_MspInit
 .text.HAL_ADC_MspInit
                0x0000000008001e00      0x128 ./Core/Src/stm32f2xx_hal_msp.o
                0x0000000008001e00                HAL_ADC_MspInit
 .text.HAL_TIM_Encoder_MspInit
                0x0000000008001f28      0x134 ./Core/Src/stm32f2xx_hal_msp.o
                0x0000000008001f28                HAL_TIM_Encoder_MspInit
 .text.HAL_TIM_PWM_MspInit
                0x000000000800205c       0x50 ./Core/Src/stm32f2xx_hal_msp.o
                0x000000000800205c                HAL_TIM_PWM_MspInit
 .text.HAL_TIM_MspPostInit
                0x00000000080020ac       0x74 ./Core/Src/stm32f2xx_hal_msp.o
                0x00000000080020ac                HAL_TIM_MspPostInit
 .text.NMI_Handler
                0x0000000008002120        0x6 ./Core/Src/stm32f2xx_it.o
                0x0000000008002120                NMI_Handler
 .text.HardFault_Handler
                0x0000000008002126        0x6 ./Core/Src/stm32f2xx_it.o
                0x0000000008002126                HardFault_Handler
 .text.MemManage_Handler
                0x000000000800212c        0x6 ./Core/Src/stm32f2xx_it.o
                0x000000000800212c                MemManage_Handler
 .text.BusFault_Handler
                0x0000000008002132        0x6 ./Core/Src/stm32f2xx_it.o
                0x0000000008002132                BusFault_Handler
 .text.UsageFault_Handler
                0x0000000008002138        0x6 ./Core/Src/stm32f2xx_it.o
                0x0000000008002138                UsageFault_Handler
 .text.SVC_Handler
                0x000000000800213e        0xc ./Core/Src/stm32f2xx_it.o
                0x000000000800213e                SVC_Handler
 .text.DebugMon_Handler
                0x000000000800214a        0xc ./Core/Src/stm32f2xx_it.o
                0x000000000800214a                DebugMon_Handler
 .text.PendSV_Handler
                0x0000000008002156        0xc ./Core/Src/stm32f2xx_it.o
                0x0000000008002156                PendSV_Handler
 .text.SysTick_Handler
                0x0000000008002162       0x10 ./Core/Src/stm32f2xx_it.o
                0x0000000008002162                SysTick_Handler
 *fill*         0x0000000008002172        0x2 
 .text.TIM4_IRQHandler
                0x0000000008002174       0x14 ./Core/Src/stm32f2xx_it.o
                0x0000000008002174                TIM4_IRQHandler
 .text.DMA2_Stream0_IRQHandler
                0x0000000008002188       0x14 ./Core/Src/stm32f2xx_it.o
                0x0000000008002188                DMA2_Stream0_IRQHandler
 .text.SystemInit
                0x000000000800219c        0xc ./Core/Src/system_stm32f2xx.o
                0x000000000800219c                SystemInit
 .text.SysTickFunction
                0x00000000080021a8       0x78 ./Core/Src/systick.o
                0x00000000080021a8                SysTickFunction
 .text.Reset_Handler
                0x0000000008002220       0x50 ./Core/Startup/startup_stm32f205rgtx.o
                0x0000000008002220                Reset_Handler
 .text.Default_Handler
                0x0000000008002270        0x2 ./Core/Startup/startup_stm32f205rgtx.o
                0x0000000008002270                RTC_Alarm_IRQHandler
                0x0000000008002270                HASH_RNG_IRQHandler
                0x0000000008002270                EXTI2_IRQHandler
                0x0000000008002270                TIM8_CC_IRQHandler
                0x0000000008002270                TIM1_CC_IRQHandler
                0x0000000008002270                DMA2_Stream5_IRQHandler
                0x0000000008002270                DMA1_Stream5_IRQHandler
                0x0000000008002270                PVD_IRQHandler
                0x0000000008002270                SDIO_IRQHandler
                0x0000000008002270                TAMP_STAMP_IRQHandler
                0x0000000008002270                CAN2_RX1_IRQHandler
                0x0000000008002270                EXTI3_IRQHandler
                0x0000000008002270                TIM8_TRG_COM_TIM14_IRQHandler
                0x0000000008002270                TIM1_UP_TIM10_IRQHandler
                0x0000000008002270                TIM8_UP_TIM13_IRQHandler
                0x0000000008002270                I2C3_ER_IRQHandler
                0x0000000008002270                EXTI0_IRQHandler
                0x0000000008002270                I2C2_EV_IRQHandler
                0x0000000008002270                DMA1_Stream2_IRQHandler
                0x0000000008002270                CAN1_RX0_IRQHandler
                0x0000000008002270                OTG_HS_WKUP_IRQHandler
                0x0000000008002270                CAN2_SCE_IRQHandler
                0x0000000008002270                DMA2_Stream2_IRQHandler
                0x0000000008002270                SPI1_IRQHandler
                0x0000000008002270                TIM6_DAC_IRQHandler
                0x0000000008002270                TIM1_BRK_TIM9_IRQHandler
                0x0000000008002270                CAN2_RX0_IRQHandler
                0x0000000008002270                DMA2_Stream3_IRQHandler
                0x0000000008002270                USART6_IRQHandler
                0x0000000008002270                USART3_IRQHandler
                0x0000000008002270                CAN1_RX1_IRQHandler
                0x0000000008002270                UART5_IRQHandler
                0x0000000008002270                I2C1_EV_IRQHandler
                0x0000000008002270                DMA1_Stream6_IRQHandler
                0x0000000008002270                DMA1_Stream1_IRQHandler
                0x0000000008002270                UART4_IRQHandler
                0x0000000008002270                TIM3_IRQHandler
                0x0000000008002270                RCC_IRQHandler
                0x0000000008002270                TIM8_BRK_TIM12_IRQHandler
                0x0000000008002270                Default_Handler
                0x0000000008002270                EXTI15_10_IRQHandler
                0x0000000008002270                ADC_IRQHandler
                0x0000000008002270                DMA1_Stream7_IRQHandler
                0x0000000008002270                TIM7_IRQHandler
                0x0000000008002270                CAN2_TX_IRQHandler
                0x0000000008002270                TIM5_IRQHandler
                0x0000000008002270                DMA2_Stream7_IRQHandler
                0x0000000008002270                I2C3_EV_IRQHandler
                0x0000000008002270                EXTI9_5_IRQHandler
                0x0000000008002270                RTC_WKUP_IRQHandler
                0x0000000008002270                SPI2_IRQHandler
                0x0000000008002270                OTG_HS_EP1_IN_IRQHandler
                0x0000000008002270                DMA1_Stream0_IRQHandler
                0x0000000008002270                CAN1_TX_IRQHandler
                0x0000000008002270                EXTI4_IRQHandler
                0x0000000008002270                FSMC_IRQHandler
                0x0000000008002270                OTG_HS_EP1_OUT_IRQHandler
                0x0000000008002270                WWDG_IRQHandler
                0x0000000008002270                TIM2_IRQHandler
                0x0000000008002270                OTG_FS_WKUP_IRQHandler
                0x0000000008002270                TIM1_TRG_COM_TIM11_IRQHandler
                0x0000000008002270                OTG_HS_IRQHandler
                0x0000000008002270                EXTI1_IRQHandler
                0x0000000008002270                USART2_IRQHandler
                0x0000000008002270                I2C2_ER_IRQHandler
                0x0000000008002270                DMA2_Stream1_IRQHandler
                0x0000000008002270                CAN1_SCE_IRQHandler
                0x0000000008002270                FLASH_IRQHandler
                0x0000000008002270                DMA2_Stream4_IRQHandler
                0x0000000008002270                USART1_IRQHandler
                0x0000000008002270                OTG_FS_IRQHandler
                0x0000000008002270                SPI3_IRQHandler
                0x0000000008002270                DMA1_Stream4_IRQHandler
                0x0000000008002270                I2C1_ER_IRQHandler
                0x0000000008002270                DMA2_Stream6_IRQHandler
                0x0000000008002270                DMA1_Stream3_IRQHandler
 *fill*         0x0000000008002272        0x2 
 .text.HAL_Init
                0x0000000008002274       0x44 ./Drivers/STM32F2xx_HAL_Driver/Src/stm32f2xx_hal.o
                0x0000000008002274                HAL_Init
 .text.HAL_InitTick
                0x00000000080022b8       0x60 ./Drivers/STM32F2xx_HAL_Driver/Src/stm32f2xx_hal.o
                0x00000000080022b8                HAL_InitTick
 .text.HAL_IncTick
                0x0000000008002318       0x24 ./Drivers/STM32F2xx_HAL_Driver/Src/stm32f2xx_hal.o
                0x0000000008002318                HAL_IncTick
 .text.HAL_GetTick
                0x000000000800233c       0x14 ./Drivers/STM32F2xx_HAL_Driver/Src/stm32f2xx_hal.o
                0x000000000800233c                HAL_GetTick
 .text.HAL_ADC_Init
                0x0000000008002350       0x86 ./Drivers/STM32F2xx_HAL_Driver/Src/stm32f2xx_hal_adc.o
                0x0000000008002350                HAL_ADC_Init
 *fill*         0x00000000080023d6        0x2 
 .text.HAL_ADC_Start_DMA
                0x00000000080023d8      0x1bc ./Drivers/STM32F2xx_HAL_Driver/Src/stm32f2xx_hal_adc.o
                0x00000000080023d8                HAL_ADC_Start_DMA
 .text.HAL_ADC_Stop_DMA
                0x0000000008002594       0xa2 ./Drivers/STM32F2xx_HAL_Driver/Src/stm32f2xx_hal_adc.o
                0x0000000008002594                HAL_ADC_Stop_DMA
 .text.HAL_ADC_ConvHalfCpltCallback
                0x0000000008002636       0x12 ./Drivers/STM32F2xx_HAL_Driver/Src/stm32f2xx_hal_adc.o
                0x0000000008002636                HAL_ADC_ConvHalfCpltCallback
 .text.HAL_ADC_ErrorCallback
                0x0000000008002648       0x12 ./Drivers/STM32F2xx_HAL_Driver/Src/stm32f2xx_hal_adc.o
                0x0000000008002648                HAL_ADC_ErrorCallback
 *fill*         0x000000000800265a        0x2 
 .text.HAL_ADC_ConfigChannel
                0x000000000800265c      0x240 ./Drivers/STM32F2xx_HAL_Driver/Src/stm32f2xx_hal_adc.o
                0x000000000800265c                HAL_ADC_ConfigChannel
 .text.ADC_Init
                0x000000000800289c      0x20c ./Drivers/STM32F2xx_HAL_Driver/Src/stm32f2xx_hal_adc.o
 .text.ADC_DMAConvCplt
                0x0000000008002aa8       0xba ./Drivers/STM32F2xx_HAL_Driver/Src/stm32f2xx_hal_adc.o
 .text.ADC_DMAHalfConvCplt
                0x0000000008002b62       0x1c ./Drivers/STM32F2xx_HAL_Driver/Src/stm32f2xx_hal_adc.o
 .text.ADC_DMAError
                0x0000000008002b7e       0x2e ./Drivers/STM32F2xx_HAL_Driver/Src/stm32f2xx_hal_adc.o
 .text.__NVIC_SetPriorityGrouping
                0x0000000008002bac       0x48 ./Drivers/STM32F2xx_HAL_Driver/Src/stm32f2xx_hal_cortex.o
 .text.__NVIC_GetPriorityGrouping
                0x0000000008002bf4       0x1c ./Drivers/STM32F2xx_HAL_Driver/Src/stm32f2xx_hal_cortex.o
 .text.__NVIC_EnableIRQ
                0x0000000008002c10       0x38 ./Drivers/STM32F2xx_HAL_Driver/Src/stm32f2xx_hal_cortex.o
 .text.__NVIC_SetPriority
                0x0000000008002c48       0x54 ./Drivers/STM32F2xx_HAL_Driver/Src/stm32f2xx_hal_cortex.o
 .text.NVIC_EncodePriority
                0x0000000008002c9c       0x64 ./Drivers/STM32F2xx_HAL_Driver/Src/stm32f2xx_hal_cortex.o
 .text.SysTick_Config
                0x0000000008002d00       0x44 ./Drivers/STM32F2xx_HAL_Driver/Src/stm32f2xx_hal_cortex.o
 .text.HAL_NVIC_SetPriorityGrouping
                0x0000000008002d44       0x16 ./Drivers/STM32F2xx_HAL_Driver/Src/stm32f2xx_hal_cortex.o
                0x0000000008002d44                HAL_NVIC_SetPriorityGrouping
 .text.HAL_NVIC_SetPriority
                0x0000000008002d5a       0x38 ./Drivers/STM32F2xx_HAL_Driver/Src/stm32f2xx_hal_cortex.o
                0x0000000008002d5a                HAL_NVIC_SetPriority
 .text.HAL_NVIC_EnableIRQ
                0x0000000008002d92       0x1c ./Drivers/STM32F2xx_HAL_Driver/Src/stm32f2xx_hal_cortex.o
                0x0000000008002d92                HAL_NVIC_EnableIRQ
 .text.HAL_SYSTICK_Config
                0x0000000008002dae       0x18 ./Drivers/STM32F2xx_HAL_Driver/Src/stm32f2xx_hal_cortex.o
                0x0000000008002dae                HAL_SYSTICK_Config
 *fill*         0x0000000008002dc6        0x2 
 .text.HAL_DMA_Init
                0x0000000008002dc8      0x15c ./Drivers/STM32F2xx_HAL_Driver/Src/stm32f2xx_hal_dma.o
                0x0000000008002dc8                HAL_DMA_Init
 .text.HAL_DMA_Start_IT
                0x0000000008002f24       0xb0 ./Drivers/STM32F2xx_HAL_Driver/Src/stm32f2xx_hal_dma.o
                0x0000000008002f24                HAL_DMA_Start_IT
 .text.HAL_DMA_Abort
                0x0000000008002fd4       0xe0 ./Drivers/STM32F2xx_HAL_Driver/Src/stm32f2xx_hal_dma.o
                0x0000000008002fd4                HAL_DMA_Abort
 .text.HAL_DMA_IRQHandler
                0x00000000080030b4      0x314 ./Drivers/STM32F2xx_HAL_Driver/Src/stm32f2xx_hal_dma.o
                0x00000000080030b4                HAL_DMA_IRQHandler
 .text.DMA_SetConfig
                0x00000000080033c8       0x5a ./Drivers/STM32F2xx_HAL_Driver/Src/stm32f2xx_hal_dma.o
 *fill*         0x0000000008003422        0x2 
 .text.DMA_CalcBaseAndBitshift
                0x0000000008003424       0x68 ./Drivers/STM32F2xx_HAL_Driver/Src/stm32f2xx_hal_dma.o
 .text.DMA_CheckFifoParam
                0x000000000800348c       0xf4 ./Drivers/STM32F2xx_HAL_Driver/Src/stm32f2xx_hal_dma.o
 .text.HAL_GPIO_Init
                0x0000000008003580      0x33c ./Drivers/STM32F2xx_HAL_Driver/Src/stm32f2xx_hal_gpio.o
                0x0000000008003580                HAL_GPIO_Init
 .text.HAL_GPIO_WritePin
                0x00000000080038bc       0x30 ./Drivers/STM32F2xx_HAL_Driver/Src/stm32f2xx_hal_gpio.o
                0x00000000080038bc                HAL_GPIO_WritePin
 .text.HAL_RCC_OscConfig
                0x00000000080038ec      0x4a0 ./Drivers/STM32F2xx_HAL_Driver/Src/stm32f2xx_hal_rcc.o
                0x00000000080038ec                HAL_RCC_OscConfig
 .text.HAL_RCC_ClockConfig
                0x0000000008003d8c      0x1d8 ./Drivers/STM32F2xx_HAL_Driver/Src/stm32f2xx_hal_rcc.o
                0x0000000008003d8c                HAL_RCC_ClockConfig
 .text.HAL_RCC_GetSysClockFreq
                0x0000000008003f64      0x16c ./Drivers/STM32F2xx_HAL_Driver/Src/stm32f2xx_hal_rcc.o
                0x0000000008003f64                HAL_RCC_GetSysClockFreq
 .text.HAL_TIM_PWM_Init
                0x00000000080040d0       0x9e ./Drivers/STM32F2xx_HAL_Driver/Src/stm32f2xx_hal_tim.o
                0x00000000080040d0                HAL_TIM_PWM_Init
 *fill*         0x000000000800416e        0x2 
 .text.HAL_TIM_PWM_Start
                0x0000000008004170      0x190 ./Drivers/STM32F2xx_HAL_Driver/Src/stm32f2xx_hal_tim.o
                0x0000000008004170                HAL_TIM_PWM_Start
 .text.HAL_TIM_Encoder_Init
                0x0000000008004300      0x14c ./Drivers/STM32F2xx_HAL_Driver/Src/stm32f2xx_hal_tim.o
                0x0000000008004300                HAL_TIM_Encoder_Init
 .text.HAL_TIM_Encoder_Start
                0x000000000800444c      0x11c ./Drivers/STM32F2xx_HAL_Driver/Src/stm32f2xx_hal_tim.o
                0x000000000800444c                HAL_TIM_Encoder_Start
 .text.HAL_TIM_IRQHandler
                0x0000000008004568      0x210 ./Drivers/STM32F2xx_HAL_Driver/Src/stm32f2xx_hal_tim.o
                0x0000000008004568                HAL_TIM_IRQHandler
 .text.HAL_TIM_PWM_ConfigChannel
                0x0000000008004778      0x17c ./Drivers/STM32F2xx_HAL_Driver/Src/stm32f2xx_hal_tim.o
                0x0000000008004778                HAL_TIM_PWM_ConfigChannel
 .text.HAL_TIM_PeriodElapsedCallback
                0x00000000080048f4       0x12 ./Drivers/STM32F2xx_HAL_Driver/Src/stm32f2xx_hal_tim.o
                0x00000000080048f4                HAL_TIM_PeriodElapsedCallback
 .text.HAL_TIM_OC_DelayElapsedCallback
                0x0000000008004906       0x12 ./Drivers/STM32F2xx_HAL_Driver/Src/stm32f2xx_hal_tim.o
                0x0000000008004906                HAL_TIM_OC_DelayElapsedCallback
 .text.HAL_TIM_IC_CaptureCallback
                0x0000000008004918       0x12 ./Drivers/STM32F2xx_HAL_Driver/Src/stm32f2xx_hal_tim.o
                0x0000000008004918                HAL_TIM_IC_CaptureCallback
 .text.HAL_TIM_PWM_PulseFinishedCallback
                0x000000000800492a       0x12 ./Drivers/STM32F2xx_HAL_Driver/Src/stm32f2xx_hal_tim.o
                0x000000000800492a                HAL_TIM_PWM_PulseFinishedCallback
 .text.HAL_TIM_TriggerCallback
                0x000000000800493c       0x12 ./Drivers/STM32F2xx_HAL_Driver/Src/stm32f2xx_hal_tim.o
                0x000000000800493c                HAL_TIM_TriggerCallback
 *fill*         0x000000000800494e        0x2 
 .text.TIM_Base_SetConfig
                0x0000000008004950      0x13c ./Drivers/STM32F2xx_HAL_Driver/Src/stm32f2xx_hal_tim.o
                0x0000000008004950                TIM_Base_SetConfig
 .text.TIM_OC1_SetConfig
                0x0000000008004a8c       0xe0 ./Drivers/STM32F2xx_HAL_Driver/Src/stm32f2xx_hal_tim.o
 .text.TIM_OC2_SetConfig
                0x0000000008004b6c       0xe8 ./Drivers/STM32F2xx_HAL_Driver/Src/stm32f2xx_hal_tim.o
                0x0000000008004b6c                TIM_OC2_SetConfig
 .text.TIM_OC3_SetConfig
                0x0000000008004c54       0xe8 ./Drivers/STM32F2xx_HAL_Driver/Src/stm32f2xx_hal_tim.o
 .text.TIM_OC4_SetConfig
                0x0000000008004d3c       0xa8 ./Drivers/STM32F2xx_HAL_Driver/Src/stm32f2xx_hal_tim.o
 .text.TIM_CCxChannelCmd
                0x0000000008004de4       0x48 ./Drivers/STM32F2xx_HAL_Driver/Src/stm32f2xx_hal_tim.o
                0x0000000008004de4                TIM_CCxChannelCmd
 .text.HAL_TIMEx_MasterConfigSynchronization
                0x0000000008004e2c       0xf4 ./Drivers/STM32F2xx_HAL_Driver/Src/stm32f2xx_hal_tim_ex.o
                0x0000000008004e2c                HAL_TIMEx_MasterConfigSynchronization
 .text.HAL_TIMEx_CommutCallback
                0x0000000008004f20       0x12 ./Drivers/STM32F2xx_HAL_Driver/Src/stm32f2xx_hal_tim_ex.o
                0x0000000008004f20                HAL_TIMEx_CommutCallback
 .text.HAL_TIMEx_BreakCallback
                0x0000000008004f32       0x12 ./Drivers/STM32F2xx_HAL_Driver/Src/stm32f2xx_hal_tim_ex.o
                0x0000000008004f32                HAL_TIMEx_BreakCallback
 .text.__libc_init_array
                0x0000000008004f44       0x48 c:/st/stm32cubeide_1.7.0/stm32cubeide/plugins/com.st.stm32cube.ide.mcu.externaltools.gnu-tools-for-stm32.9-2020-q2-update.win32_2.0.0.202105311346/tools/bin/../lib/gcc/arm-none-eabi/9.3.1/../../../../arm-none-eabi/lib/thumb/v7-m/nofp\libc_nano.a(lib_a-init.o)
                0x0000000008004f44                __libc_init_array
 .text.memset   0x0000000008004f8c       0x10 c:/st/stm32cubeide_1.7.0/stm32cubeide/plugins/com.st.stm32cube.ide.mcu.externaltools.gnu-tools-for-stm32.9-2020-q2-update.win32_2.0.0.202105311346/tools/bin/../lib/gcc/arm-none-eabi/9.3.1/../../../../arm-none-eabi/lib/thumb/v7-m/nofp\libc_nano.a(lib_a-memset.o)
                0x0000000008004f8c                memset
 *(.glue_7)
 .glue_7        0x0000000008004f9c        0x0 linker stubs
 *(.glue_7t)
 .glue_7t       0x0000000008004f9c        0x0 linker stubs
 *(.eh_frame)
 .eh_frame      0x0000000008004f9c        0x0 c:/st/stm32cubeide_1.7.0/stm32cubeide/plugins/com.st.stm32cube.ide.mcu.externaltools.gnu-tools-for-stm32.9-2020-q2-update.win32_2.0.0.202105311346/tools/bin/../lib/gcc/arm-none-eabi/9.3.1/thumb/v7-m/nofp/crtbegin.o
 *(.init)
 .init          0x0000000008004f9c        0x4 c:/st/stm32cubeide_1.7.0/stm32cubeide/plugins/com.st.stm32cube.ide.mcu.externaltools.gnu-tools-for-stm32.9-2020-q2-update.win32_2.0.0.202105311346/tools/bin/../lib/gcc/arm-none-eabi/9.3.1/thumb/v7-m/nofp/crti.o
                0x0000000008004f9c                _init
 .init          0x0000000008004fa0        0x8 c:/st/stm32cubeide_1.7.0/stm32cubeide/plugins/com.st.stm32cube.ide.mcu.externaltools.gnu-tools-for-stm32.9-2020-q2-update.win32_2.0.0.202105311346/tools/bin/../lib/gcc/arm-none-eabi/9.3.1/thumb/v7-m/nofp/crtn.o
 *(.fini)
 .fini          0x0000000008004fa8        0x4 c:/st/stm32cubeide_1.7.0/stm32cubeide/plugins/com.st.stm32cube.ide.mcu.externaltools.gnu-tools-for-stm32.9-2020-q2-update.win32_2.0.0.202105311346/tools/bin/../lib/gcc/arm-none-eabi/9.3.1/thumb/v7-m/nofp/crti.o
                0x0000000008004fa8                _fini
 .fini          0x0000000008004fac        0x8 c:/st/stm32cubeide_1.7.0/stm32cubeide/plugins/com.st.stm32cube.ide.mcu.externaltools.gnu-tools-for-stm32.9-2020-q2-update.win32_2.0.0.202105311346/tools/bin/../lib/gcc/arm-none-eabi/9.3.1/thumb/v7-m/nofp/crtn.o
                0x0000000008004fb4                . = ALIGN (0x4)
                0x0000000008004fb4                _etext = .

.vfp11_veneer   0x0000000008004fb4        0x0
 .vfp11_veneer  0x0000000008004fb4        0x0 linker stubs

.v4_bx          0x0000000008004fb4        0x0
 .v4_bx         0x0000000008004fb4        0x0 linker stubs

.iplt           0x0000000008004fb4        0x0
 .iplt          0x0000000008004fb4        0x0 c:/st/stm32cubeide_1.7.0/stm32cubeide/plugins/com.st.stm32cube.ide.mcu.externaltools.gnu-tools-for-stm32.9-2020-q2-update.win32_2.0.0.202105311346/tools/bin/../lib/gcc/arm-none-eabi/9.3.1/thumb/v7-m/nofp/crtbegin.o

.rodata         0x0000000008004fb4       0x18
                0x0000000008004fb4                . = ALIGN (0x4)
 *(.rodata)
 *(.rodata*)
 .rodata.AHBPrescTable
                0x0000000008004fb4       0x10 ./Core/Src/system_stm32f2xx.o
                0x0000000008004fb4                AHBPrescTable
 .rodata.flagBitshiftOffset.6512
                0x0000000008004fc4        0x8 ./Drivers/STM32F2xx_HAL_Driver/Src/stm32f2xx_hal_dma.o
                0x0000000008004fcc                . = ALIGN (0x4)

.ARM.extab      0x0000000008004fcc        0x0
                0x0000000008004fcc                . = ALIGN (0x4)
 *(.ARM.extab* .gnu.linkonce.armextab.*)
                0x0000000008004fcc                . = ALIGN (0x4)

.ARM            0x0000000008004fcc        0x8
                0x0000000008004fcc                . = ALIGN (0x4)
                0x0000000008004fcc                __exidx_start = .
 *(.ARM.exidx*)
 .ARM.exidx     0x0000000008004fcc        0x8 c:/st/stm32cubeide_1.7.0/stm32cubeide/plugins/com.st.stm32cube.ide.mcu.externaltools.gnu-tools-for-stm32.9-2020-q2-update.win32_2.0.0.202105311346/tools/bin/../lib/gcc/arm-none-eabi/9.3.1/thumb/v7-m/nofp\libgcc.a(_udivmoddi4.o)
                0x0000000008004fd4                __exidx_end = .
                0x0000000008004fd4                . = ALIGN (0x4)

.rel.dyn        0x0000000008004fd4        0x0
 .rel.iplt      0x0000000008004fd4        0x0 c:/st/stm32cubeide_1.7.0/stm32cubeide/plugins/com.st.stm32cube.ide.mcu.externaltools.gnu-tools-for-stm32.9-2020-q2-update.win32_2.0.0.202105311346/tools/bin/../lib/gcc/arm-none-eabi/9.3.1/thumb/v7-m/nofp/crtbegin.o

.preinit_array  0x0000000008004fd4        0x0
                0x0000000008004fd4                . = ALIGN (0x4)
                0x0000000008004fd4                PROVIDE (__preinit_array_start = .)
 *(.preinit_array*)
                0x0000000008004fd4                PROVIDE (__preinit_array_end = .)
                0x0000000008004fd4                . = ALIGN (0x4)

.init_array     0x0000000008004fd4        0x4
                0x0000000008004fd4                . = ALIGN (0x4)
                0x0000000008004fd4                PROVIDE (__init_array_start = .)
 *(SORT_BY_NAME(.init_array.*))
 *(.init_array*)
 .init_array    0x0000000008004fd4        0x4 c:/st/stm32cubeide_1.7.0/stm32cubeide/plugins/com.st.stm32cube.ide.mcu.externaltools.gnu-tools-for-stm32.9-2020-q2-update.win32_2.0.0.202105311346/tools/bin/../lib/gcc/arm-none-eabi/9.3.1/thumb/v7-m/nofp/crtbegin.o
                0x0000000008004fd8                PROVIDE (__init_array_end = .)
                0x0000000008004fd8                . = ALIGN (0x4)

.fini_array     0x0000000008004fd8        0x4
                0x0000000008004fd8                . = ALIGN (0x4)
                [!provide]                        PROVIDE (__fini_array_start = .)
 *(SORT_BY_NAME(.fini_array.*))
 *(.fini_array*)
 .fini_array    0x0000000008004fd8        0x4 c:/st/stm32cubeide_1.7.0/stm32cubeide/plugins/com.st.stm32cube.ide.mcu.externaltools.gnu-tools-for-stm32.9-2020-q2-update.win32_2.0.0.202105311346/tools/bin/../lib/gcc/arm-none-eabi/9.3.1/thumb/v7-m/nofp/crtbegin.o
                [!provide]                        PROVIDE (__fini_array_end = .)
                0x0000000008004fdc                . = ALIGN (0x4)
                0x0000000008004fdc                _sidata = LOADADDR (.data)

.data           0x0000000020000000       0x1c load address 0x0000000008004fdc
                0x0000000020000000                . = ALIGN (0x4)
                0x0000000020000000                _sdata = .
 *(.data)
 *(.data*)
 .data.kPw      0x0000000020000000        0x4 ./Core/Src/pid.o
                0x0000000020000000                kPw
 .data.kDw      0x0000000020000004        0x4 ./Core/Src/pid.o
                0x0000000020000004                kDw
 .data.kPx      0x0000000020000008        0x4 ./Core/Src/pid.o
                0x0000000020000008                kPx
 .data.kDx      0x000000002000000c        0x4 ./Core/Src/pid.o
                0x000000002000000c                kDx
 .data.SystemCoreClock
                0x0000000020000010        0x4 ./Core/Src/system_stm32f2xx.o
                0x0000000020000010                SystemCoreClock
 .data.uwTickPrio
                0x0000000020000014        0x4 ./Drivers/STM32F2xx_HAL_Driver/Src/stm32f2xx_hal.o
                0x0000000020000014                uwTickPrio
 .data.uwTickFreq
                0x0000000020000018        0x1 ./Drivers/STM32F2xx_HAL_Driver/Src/stm32f2xx_hal.o
                0x0000000020000018                uwTickFreq
 *(.RamFunc)
 *(.RamFunc*)
                0x000000002000001c                . = ALIGN (0x4)
 *fill*         0x0000000020000019        0x3 
                0x000000002000001c                _edata = .

.igot.plt       0x000000002000001c        0x0 load address 0x0000000008004ff8
 .igot.plt      0x000000002000001c        0x0 c:/st/stm32cubeide_1.7.0/stm32cubeide/plugins/com.st.stm32cube.ide.mcu.externaltools.gnu-tools-for-stm32.9-2020-q2-update.win32_2.0.0.202105311346/tools/bin/../lib/gcc/arm-none-eabi/9.3.1/thumb/v7-m/nofp/crtbegin.o
                0x000000002000001c                . = ALIGN (0x4)

.bss            0x0000000020000020      0x2f4 load address 0x0000000008004ff8
                0x0000000020000020                _sbss = .
                0x0000000020000020                __bss_start__ = _sbss
 *(.bss)
 .bss           0x0000000020000020       0x1c c:/st/stm32cubeide_1.7.0/stm32cubeide/plugins/com.st.stm32cube.ide.mcu.externaltools.gnu-tools-for-stm32.9-2020-q2-update.win32_2.0.0.202105311346/tools/bin/../lib/gcc/arm-none-eabi/9.3.1/thumb/v7-m/nofp/crtbegin.o
 *(.bss*)
 .bss.complete  0x000000002000003c        0x1 ./Core/Src/irs.o
                0x000000002000003c                complete
 *fill*         0x000000002000003d        0x1 
 .bss.left_counts
                0x000000002000003e        0x2 ./Core/Src/main.o
                0x000000002000003e                left_counts
 .bss.right_counts
                0x0000000020000040        0x2 ./Core/Src/main.o
                0x0000000020000040                right_counts
 *fill*         0x0000000020000042        0x2 
 .bss.angleError
                0x0000000020000044        0x4 ./Core/Src/pid.o
                0x0000000020000044                angleError
 .bss.oldAngleError
                0x0000000020000048        0x4 ./Core/Src/pid.o
                0x0000000020000048                oldAngleError
 .bss.goalAngle
                0x000000002000004c        0x4 ./Core/Src/pid.o
                0x000000002000004c                goalAngle
 .bss.goalDistance
                0x0000000020000050        0x4 ./Core/Src/pid.o
                0x0000000020000050                goalDistance
 .bss.lowErrorCount
                0x0000000020000054        0x4 ./Core/Src/pid.o
                0x0000000020000054                lowErrorCount
 *(COMMON)
 COMMON         0x0000000020000058      0x100 ./Core/Src/irs.o
                0x0000000020000058                adc_buf
 COMMON         0x0000000020000158      0x18c ./Core/Src/main.o
                0x0000000020000158                fleft_IR
                0x000000002000015c                htim4
                0x00000000200001a4                fright_IR
                0x00000000200001a6                left_IR
                0x00000000200001a8                htim3
                0x00000000200001f0                right_IR
                0x00000000200001f4                hadc1
                0x000000002000023c                hdma_adc1
                0x000000002000029c                htim2
 *fill*         0x00000000200002e4        0x4 
 COMMON         0x00000000200002e8       0x28 ./Core/Src/pid.o
                0x00000000200002e8                rc
                0x00000000200002f0                angleCorrection
                0x00000000200002f8                oldDistanceError
                0x00000000200002fc                distanceError
                0x0000000020000300                lc
                0x0000000020000308                distanceCorrection
 COMMON         0x0000000020000310        0x4 ./Drivers/STM32F2xx_HAL_Driver/Src/stm32f2xx_hal.o
                0x0000000020000310                uwTick
                0x0000000020000314                . = ALIGN (0x4)
                0x0000000020000314                _ebss = .
                0x0000000020000314                __bss_end__ = _ebss

._user_heap_stack
                0x0000000020000314      0x604 load address 0x0000000008004ff8
                0x0000000020000318                . = ALIGN (0x8)
 *fill*         0x0000000020000314        0x4 
                [!provide]                        PROVIDE (end = .)
                0x0000000020000318                PROVIDE (_end = .)
                0x0000000020000518                . = (. + _Min_Heap_Size)
 *fill*         0x0000000020000318      0x200 
                0x0000000020000918                . = (. + _Min_Stack_Size)
 *fill*         0x0000000020000518      0x400 
                0x0000000020000918                . = ALIGN (0x8)

/DISCARD/
 libc.a(*)
 libm.a(*)
 libgcc.a(*)

.ARM.attributes
                0x0000000000000000       0x29
 *(.ARM.attributes)
 .ARM.attributes
                0x0000000000000000       0x1d c:/st/stm32cubeide_1.7.0/stm32cubeide/plugins/com.st.stm32cube.ide.mcu.externaltools.gnu-tools-for-stm32.9-2020-q2-update.win32_2.0.0.202105311346/tools/bin/../lib/gcc/arm-none-eabi/9.3.1/thumb/v7-m/nofp/crti.o
 .ARM.attributes
                0x000000000000001d       0x2d c:/st/stm32cubeide_1.7.0/stm32cubeide/plugins/com.st.stm32cube.ide.mcu.externaltools.gnu-tools-for-stm32.9-2020-q2-update.win32_2.0.0.202105311346/tools/bin/../lib/gcc/arm-none-eabi/9.3.1/thumb/v7-m/nofp/crtbegin.o
 .ARM.attributes
                0x000000000000004a       0x2d ./Core/Src/delay.o
 .ARM.attributes
                0x0000000000000077       0x2d ./Core/Src/encoders.o
 .ARM.attributes
                0x00000000000000a4       0x2d ./Core/Src/irs.o
 .ARM.attributes
                0x00000000000000d1       0x2d ./Core/Src/main.o
 .ARM.attributes
                0x00000000000000fe       0x2d ./Core/Src/motors.o
 .ARM.attributes
                0x000000000000012b       0x2d ./Core/Src/pid.o
 .ARM.attributes
                0x0000000000000158       0x2d ./Core/Src/stm32f2xx_hal_msp.o
 .ARM.attributes
                0x0000000000000185       0x2d ./Core/Src/stm32f2xx_it.o
 .ARM.attributes
                0x00000000000001b2       0x2d ./Core/Src/system_stm32f2xx.o
 .ARM.attributes
                0x00000000000001df       0x2d ./Core/Src/systick.o
 .ARM.attributes
                0x000000000000020c       0x21 ./Core/Startup/startup_stm32f205rgtx.o
 .ARM.attributes
                0x000000000000022d       0x2d ./Drivers/STM32F2xx_HAL_Driver/Src/stm32f2xx_hal.o
 .ARM.attributes
                0x000000000000025a       0x2d ./Drivers/STM32F2xx_HAL_Driver/Src/stm32f2xx_hal_adc.o
 .ARM.attributes
                0x0000000000000287       0x2d ./Drivers/STM32F2xx_HAL_Driver/Src/stm32f2xx_hal_cortex.o
 .ARM.attributes
                0x00000000000002b4       0x2d ./Drivers/STM32F2xx_HAL_Driver/Src/stm32f2xx_hal_dma.o
 .ARM.attributes
                0x00000000000002e1       0x2d ./Drivers/STM32F2xx_HAL_Driver/Src/stm32f2xx_hal_gpio.o
 .ARM.attributes
                0x000000000000030e       0x2d ./Drivers/STM32F2xx_HAL_Driver/Src/stm32f2xx_hal_rcc.o
 .ARM.attributes
                0x000000000000033b       0x2d ./Drivers/STM32F2xx_HAL_Driver/Src/stm32f2xx_hal_tim.o
 .ARM.attributes
                0x0000000000000368       0x2d ./Drivers/STM32F2xx_HAL_Driver/Src/stm32f2xx_hal_tim_ex.o
 .ARM.attributes
                0x0000000000000395       0x2d c:/st/stm32cubeide_1.7.0/stm32cubeide/plugins/com.st.stm32cube.ide.mcu.externaltools.gnu-tools-for-stm32.9-2020-q2-update.win32_2.0.0.202105311346/tools/bin/../lib/gcc/arm-none-eabi/9.3.1/../../../../arm-none-eabi/lib/thumb/v7-m/nofp\libc_nano.a(lib_a-init.o)
 .ARM.attributes
                0x00000000000003c2       0x2d c:/st/stm32cubeide_1.7.0/stm32cubeide/plugins/com.st.stm32cube.ide.mcu.externaltools.gnu-tools-for-stm32.9-2020-q2-update.win32_2.0.0.202105311346/tools/bin/../lib/gcc/arm-none-eabi/9.3.1/../../../../arm-none-eabi/lib/thumb/v7-m/nofp\libc_nano.a(lib_a-memset.o)
 .ARM.attributes
                0x00000000000003ef       0x1d c:/st/stm32cubeide_1.7.0/stm32cubeide/plugins/com.st.stm32cube.ide.mcu.externaltools.gnu-tools-for-stm32.9-2020-q2-update.win32_2.0.0.202105311346/tools/bin/../lib/gcc/arm-none-eabi/9.3.1/thumb/v7-m/nofp\libgcc.a(_arm_mulsf3.o)
 .ARM.attributes
                0x000000000000040c       0x1d c:/st/stm32cubeide_1.7.0/stm32cubeide/plugins/com.st.stm32cube.ide.mcu.externaltools.gnu-tools-for-stm32.9-2020-q2-update.win32_2.0.0.202105311346/tools/bin/../lib/gcc/arm-none-eabi/9.3.1/thumb/v7-m/nofp\libgcc.a(_arm_addsubdf3.o)
 .ARM.attributes
                0x0000000000000429       0x1d c:/st/stm32cubeide_1.7.0/stm32cubeide/plugins/com.st.stm32cube.ide.mcu.externaltools.gnu-tools-for-stm32.9-2020-q2-update.win32_2.0.0.202105311346/tools/bin/../lib/gcc/arm-none-eabi/9.3.1/thumb/v7-m/nofp\libgcc.a(_arm_cmpdf2.o)
 .ARM.attributes
                0x0000000000000446       0x1d c:/st/stm32cubeide_1.7.0/stm32cubeide/plugins/com.st.stm32cube.ide.mcu.externaltools.gnu-tools-for-stm32.9-2020-q2-update.win32_2.0.0.202105311346/tools/bin/../lib/gcc/arm-none-eabi/9.3.1/thumb/v7-m/nofp\libgcc.a(_arm_truncdfsf2.o)
 .ARM.attributes
                0x0000000000000463       0x1d c:/st/stm32cubeide_1.7.0/stm32cubeide/plugins/com.st.stm32cube.ide.mcu.externaltools.gnu-tools-for-stm32.9-2020-q2-update.win32_2.0.0.202105311346/tools/bin/../lib/gcc/arm-none-eabi/9.3.1/thumb/v7-m/nofp\libgcc.a(_arm_addsubsf3.o)
 .ARM.attributes
                0x0000000000000480       0x1d c:/st/stm32cubeide_1.7.0/stm32cubeide/plugins/com.st.stm32cube.ide.mcu.externaltools.gnu-tools-for-stm32.9-2020-q2-update.win32_2.0.0.202105311346/tools/bin/../lib/gcc/arm-none-eabi/9.3.1/thumb/v7-m/nofp\libgcc.a(_arm_cmpsf2.o)
 .ARM.attributes
                0x000000000000049d       0x1d c:/st/stm32cubeide_1.7.0/stm32cubeide/plugins/com.st.stm32cube.ide.mcu.externaltools.gnu-tools-for-stm32.9-2020-q2-update.win32_2.0.0.202105311346/tools/bin/../lib/gcc/arm-none-eabi/9.3.1/thumb/v7-m/nofp\libgcc.a(_arm_fixunssfsi.o)
 .ARM.attributes
                0x00000000000004ba       0x1d c:/st/stm32cubeide_1.7.0/stm32cubeide/plugins/com.st.stm32cube.ide.mcu.externaltools.gnu-tools-for-stm32.9-2020-q2-update.win32_2.0.0.202105311346/tools/bin/../lib/gcc/arm-none-eabi/9.3.1/thumb/v7-m/nofp\libgcc.a(_aeabi_uldivmod.o)
 .ARM.attributes
                0x00000000000004d7       0x2d c:/st/stm32cubeide_1.7.0/stm32cubeide/plugins/com.st.stm32cube.ide.mcu.externaltools.gnu-tools-for-stm32.9-2020-q2-update.win32_2.0.0.202105311346/tools/bin/../lib/gcc/arm-none-eabi/9.3.1/thumb/v7-m/nofp\libgcc.a(_udivmoddi4.o)
 .ARM.attributes
                0x0000000000000504       0x1d c:/st/stm32cubeide_1.7.0/stm32cubeide/plugins/com.st.stm32cube.ide.mcu.externaltools.gnu-tools-for-stm32.9-2020-q2-update.win32_2.0.0.202105311346/tools/bin/../lib/gcc/arm-none-eabi/9.3.1/thumb/v7-m/nofp\libgcc.a(_dvmd_tls.o)
 .ARM.attributes
                0x0000000000000521       0x1d c:/st/stm32cubeide_1.7.0/stm32cubeide/plugins/com.st.stm32cube.ide.mcu.externaltools.gnu-tools-for-stm32.9-2020-q2-update.win32_2.0.0.202105311346/tools/bin/../lib/gcc/arm-none-eabi/9.3.1/thumb/v7-m/nofp/crtn.o
OUTPUT(mouse.elf elf32-littlearm)
LOAD linker stubs
LOAD c:/st/stm32cubeide_1.7.0/stm32cubeide/plugins/com.st.stm32cube.ide.mcu.externaltools.gnu-tools-for-stm32.9-2020-q2-update.win32_2.0.0.202105311346/tools/bin/../lib/gcc/arm-none-eabi/9.3.1/../../../../arm-none-eabi/lib/thumb/v7-m/nofp\libc.a
LOAD c:/st/stm32cubeide_1.7.0/stm32cubeide/plugins/com.st.stm32cube.ide.mcu.externaltools.gnu-tools-for-stm32.9-2020-q2-update.win32_2.0.0.202105311346/tools/bin/../lib/gcc/arm-none-eabi/9.3.1/../../../../arm-none-eabi/lib/thumb/v7-m/nofp\libm.a
LOAD c:/st/stm32cubeide_1.7.0/stm32cubeide/plugins/com.st.stm32cube.ide.mcu.externaltools.gnu-tools-for-stm32.9-2020-q2-update.win32_2.0.0.202105311346/tools/bin/../lib/gcc/arm-none-eabi/9.3.1/thumb/v7-m/nofp\libgcc.a

.debug_info     0x0000000000000000     0xd8f7
 .debug_info    0x0000000000000000      0x394 ./Core/Src/delay.o
 .debug_info    0x0000000000000394      0x312 ./Core/Src/encoders.o
 .debug_info    0x00000000000006a6      0x937 ./Core/Src/irs.o
 .debug_info    0x0000000000000fdd     0x14e2 ./Core/Src/main.o
 .debug_info    0x00000000000024bf      0x347 ./Core/Src/motors.o
 .debug_info    0x0000000000002806      0x42d ./Core/Src/pid.o
 .debug_info    0x0000000000002c33     0x117b ./Core/Src/stm32f2xx_hal_msp.o
 .debug_info    0x0000000000003dae      0x81f ./Core/Src/stm32f2xx_it.o
 .debug_info    0x00000000000045cd      0x3e9 ./Core/Src/system_stm32f2xx.o
 .debug_info    0x00000000000049b6      0xbcc ./Core/Src/systick.o
 .debug_info    0x0000000000005582       0x22 ./Core/Startup/startup_stm32f205rgtx.o
 .debug_info    0x00000000000055a4      0xa09 ./Drivers/STM32F2xx_HAL_Driver/Src/stm32f2xx_hal.o
 .debug_info    0x0000000000005fad      0xdb5 ./Drivers/STM32F2xx_HAL_Driver/Src/stm32f2xx_hal_adc.o
 .debug_info    0x0000000000006d62      0xec5 ./Drivers/STM32F2xx_HAL_Driver/Src/stm32f2xx_hal_cortex.o
 .debug_info    0x0000000000007c27      0x9f1 ./Drivers/STM32F2xx_HAL_Driver/Src/stm32f2xx_hal_dma.o
 .debug_info    0x0000000000008618      0x804 ./Drivers/STM32F2xx_HAL_Driver/Src/stm32f2xx_hal_gpio.o
 .debug_info    0x0000000000008e1c      0xb27 ./Drivers/STM32F2xx_HAL_Driver/Src/stm32f2xx_hal_rcc.o
 .debug_info    0x0000000000009943     0x2a92 ./Drivers/STM32F2xx_HAL_Driver/Src/stm32f2xx_hal_tim.o
 .debug_info    0x000000000000c3d5     0x1522 ./Drivers/STM32F2xx_HAL_Driver/Src/stm32f2xx_hal_tim_ex.o

.debug_abbrev   0x0000000000000000     0x23d8
 .debug_abbrev  0x0000000000000000      0x125 ./Core/Src/delay.o
 .debug_abbrev  0x0000000000000125      0x110 ./Core/Src/encoders.o
 .debug_abbrev  0x0000000000000235      0x218 ./Core/Src/irs.o
 .debug_abbrev  0x000000000000044d      0x2ab ./Core/Src/main.o
 .debug_abbrev  0x00000000000006f8      0x13f ./Core/Src/motors.o
 .debug_abbrev  0x0000000000000837      0x143 ./Core/Src/pid.o
 .debug_abbrev  0x000000000000097a      0x206 ./Core/Src/stm32f2xx_hal_msp.o
 .debug_abbrev  0x0000000000000b80      0x176 ./Core/Src/stm32f2xx_it.o
 .debug_abbrev  0x0000000000000cf6      0x145 ./Core/Src/system_stm32f2xx.o
 .debug_abbrev  0x0000000000000e3b      0x1f3 ./Core/Src/systick.o
 .debug_abbrev  0x000000000000102e       0x12 ./Core/Startup/startup_stm32f205rgtx.o
 .debug_abbrev  0x0000000000001040      0x25d ./Drivers/STM32F2xx_HAL_Driver/Src/stm32f2xx_hal.o
 .debug_abbrev  0x000000000000129d      0x267 ./Drivers/STM32F2xx_HAL_Driver/Src/stm32f2xx_hal_adc.o
 .debug_abbrev  0x0000000000001504      0x33c ./Drivers/STM32F2xx_HAL_Driver/Src/stm32f2xx_hal_cortex.o
 .debug_abbrev  0x0000000000001840      0x259 ./Drivers/STM32F2xx_HAL_Driver/Src/stm32f2xx_hal_dma.o
 .debug_abbrev  0x0000000000001a99      0x1e8 ./Drivers/STM32F2xx_HAL_Driver/Src/stm32f2xx_hal_gpio.o
 .debug_abbrev  0x0000000000001c81      0x293 ./Drivers/STM32F2xx_HAL_Driver/Src/stm32f2xx_hal_rcc.o
 .debug_abbrev  0x0000000000001f14      0x25e ./Drivers/STM32F2xx_HAL_Driver/Src/stm32f2xx_hal_tim.o
 .debug_abbrev  0x0000000000002172      0x266 ./Drivers/STM32F2xx_HAL_Driver/Src/stm32f2xx_hal_tim_ex.o

.debug_aranges  0x0000000000000000      0xc78
 .debug_aranges
                0x0000000000000000       0x28 ./Core/Src/delay.o
 .debug_aranges
                0x0000000000000028       0x30 ./Core/Src/encoders.o
 .debug_aranges
                0x0000000000000058       0x50 ./Core/Src/irs.o
 .debug_aranges
                0x00000000000000a8       0x70 ./Core/Src/main.o
 .debug_aranges
                0x0000000000000118       0x38 ./Core/Src/motors.o
 .debug_aranges
                0x0000000000000150       0x58 ./Core/Src/pid.o
 .debug_aranges
                0x00000000000001a8       0x58 ./Core/Src/stm32f2xx_hal_msp.o
 .debug_aranges
                0x0000000000000200       0x70 ./Core/Src/stm32f2xx_it.o
 .debug_aranges
                0x0000000000000270       0x28 ./Core/Src/system_stm32f2xx.o
 .debug_aranges
                0x0000000000000298       0x20 ./Core/Src/systick.o
 .debug_aranges
                0x00000000000002b8       0x28 ./Core/Startup/startup_stm32f205rgtx.o
 .debug_aranges
                0x00000000000002e0       0xf0 ./Drivers/STM32F2xx_HAL_Driver/Src/stm32f2xx_hal.o
 .debug_aranges
                0x00000000000003d0       0xe8 ./Drivers/STM32F2xx_HAL_Driver/Src/stm32f2xx_hal_adc.o
 .debug_aranges
                0x00000000000004b8      0x118 ./Drivers/STM32F2xx_HAL_Driver/Src/stm32f2xx_hal_cortex.o
 .debug_aranges
                0x00000000000005d0       0x90 ./Drivers/STM32F2xx_HAL_Driver/Src/stm32f2xx_hal_dma.o
 .debug_aranges
                0x0000000000000660       0x58 ./Drivers/STM32F2xx_HAL_Driver/Src/stm32f2xx_hal_gpio.o
 .debug_aranges
                0x00000000000006b8       0x88 ./Drivers/STM32F2xx_HAL_Driver/Src/stm32f2xx_hal_rcc.o
 .debug_aranges
                0x0000000000000740      0x3d0 ./Drivers/STM32F2xx_HAL_Driver/Src/stm32f2xx_hal_tim.o
 .debug_aranges
                0x0000000000000b10      0x168 ./Drivers/STM32F2xx_HAL_Driver/Src/stm32f2xx_hal_tim_ex.o

.debug_ranges   0x0000000000000000      0xb50
 .debug_ranges  0x0000000000000000       0x18 ./Core/Src/delay.o
 .debug_ranges  0x0000000000000018       0x20 ./Core/Src/encoders.o
 .debug_ranges  0x0000000000000038       0x40 ./Core/Src/irs.o
 .debug_ranges  0x0000000000000078       0x60 ./Core/Src/main.o
 .debug_ranges  0x00000000000000d8       0x28 ./Core/Src/motors.o
 .debug_ranges  0x0000000000000100       0x48 ./Core/Src/pid.o
 .debug_ranges  0x0000000000000148       0x48 ./Core/Src/stm32f2xx_hal_msp.o
 .debug_ranges  0x0000000000000190       0x60 ./Core/Src/stm32f2xx_it.o
 .debug_ranges  0x00000000000001f0       0x18 ./Core/Src/system_stm32f2xx.o
 .debug_ranges  0x0000000000000208       0x10 ./Core/Src/systick.o
 .debug_ranges  0x0000000000000218       0x20 ./Core/Startup/startup_stm32f205rgtx.o
 .debug_ranges  0x0000000000000238       0xe0 ./Drivers/STM32F2xx_HAL_Driver/Src/stm32f2xx_hal.o
 .debug_ranges  0x0000000000000318       0xd8 ./Drivers/STM32F2xx_HAL_Driver/Src/stm32f2xx_hal_adc.o
 .debug_ranges  0x00000000000003f0      0x108 ./Drivers/STM32F2xx_HAL_Driver/Src/stm32f2xx_hal_cortex.o
 .debug_ranges  0x00000000000004f8       0x80 ./Drivers/STM32F2xx_HAL_Driver/Src/stm32f2xx_hal_dma.o
 .debug_ranges  0x0000000000000578       0x48 ./Drivers/STM32F2xx_HAL_Driver/Src/stm32f2xx_hal_gpio.o
 .debug_ranges  0x00000000000005c0       0x78 ./Drivers/STM32F2xx_HAL_Driver/Src/stm32f2xx_hal_rcc.o
 .debug_ranges  0x0000000000000638      0x3c0 ./Drivers/STM32F2xx_HAL_Driver/Src/stm32f2xx_hal_tim.o
 .debug_ranges  0x00000000000009f8      0x158 ./Drivers/STM32F2xx_HAL_Driver/Src/stm32f2xx_hal_tim_ex.o

.debug_macro    0x0000000000000000     0x27c4
 .debug_macro   0x0000000000000000      0x1ef ./Core/Src/delay.o
 .debug_macro   0x00000000000001ef      0x1ef ./Core/Src/encoders.o
 .debug_macro   0x00000000000003de      0x1f8 ./Core/Src/irs.o
 .debug_macro   0x00000000000005d6       0x10 ./Core/Src/irs.o
 .debug_macro   0x00000000000005e6      0x1f8 ./Core/Src/main.o
 .debug_macro   0x00000000000007de      0x1ee ./Core/Src/motors.o
 .debug_macro   0x00000000000009cc       0x16 ./Core/Src/motors.o
 .debug_macro   0x00000000000009e2      0x1fc ./Core/Src/pid.o
 .debug_macro   0x0000000000000bde      0x1e5 ./Core/Src/stm32f2xx_hal_msp.o
 .debug_macro   0x0000000000000dc3      0x1fd ./Core/Src/stm32f2xx_it.o
 .debug_macro   0x0000000000000fc0      0x1d6 ./Core/Src/system_stm32f2xx.o
 .debug_macro   0x0000000000001196      0x35c ./Core/Src/systick.o
 .debug_macro   0x00000000000014f2       0x52 ./Core/Src/systick.o
 .debug_macro   0x0000000000001544       0x16 ./Core/Src/systick.o
 .debug_macro   0x000000000000155a      0x333 ./Core/Src/systick.o
 .debug_macro   0x000000000000188d      0x224 ./Drivers/STM32F2xx_HAL_Driver/Src/stm32f2xx_hal.o
 .debug_macro   0x0000000000001ab1      0x1d7 ./Drivers/STM32F2xx_HAL_Driver/Src/stm32f2xx_hal_adc.o
 .debug_macro   0x0000000000001c88      0x1d6 ./Drivers/STM32F2xx_HAL_Driver/Src/stm32f2xx_hal_cortex.o
 .debug_macro   0x0000000000001e5e      0x1dc ./Drivers/STM32F2xx_HAL_Driver/Src/stm32f2xx_hal_dma.o
 .debug_macro   0x000000000000203a      0x1dd ./Drivers/STM32F2xx_HAL_Driver/Src/stm32f2xx_hal_gpio.o
 .debug_macro   0x0000000000002217      0x200 ./Drivers/STM32F2xx_HAL_Driver/Src/stm32f2xx_hal_rcc.o
 .debug_macro   0x0000000000002417      0x1d7 ./Drivers/STM32F2xx_HAL_Driver/Src/stm32f2xx_hal_tim.o
 .debug_macro   0x00000000000025ee      0x1d6 ./Drivers/STM32F2xx_HAL_Driver/Src/stm32f2xx_hal_tim_ex.o

.debug_line     0x0000000000000000     0xefec
 .debug_line    0x0000000000000000      0x703 ./Core/Src/delay.o
 .debug_line    0x0000000000000703      0x702 ./Core/Src/encoders.o
 .debug_line    0x0000000000000e05      0x7db ./Core/Src/irs.o
 .debug_line    0x00000000000015e0      0x9a0 ./Core/Src/main.o
 .debug_line    0x0000000000001f80      0x76e ./Core/Src/motors.o
 .debug_line    0x00000000000026ee      0x926 ./Core/Src/pid.o
 .debug_line    0x0000000000003014      0x833 ./Core/Src/stm32f2xx_hal_msp.o
 .debug_line    0x0000000000003847      0x7bf ./Core/Src/stm32f2xx_it.o
 .debug_line    0x0000000000004006      0x73b ./Core/Src/system_stm32f2xx.o
 .debug_line    0x0000000000004741      0x8ed ./Core/Src/systick.o
 .debug_line    0x000000000000502e       0x88 ./Core/Startup/startup_stm32f205rgtx.o
 .debug_line    0x00000000000050b6      0x9d2 ./Drivers/STM32F2xx_HAL_Driver/Src/stm32f2xx_hal.o
 .debug_line    0x0000000000005a88     0x1141 ./Drivers/STM32F2xx_HAL_Driver/Src/stm32f2xx_hal_adc.o
 .debug_line    0x0000000000006bc9      0xc55 ./Drivers/STM32F2xx_HAL_Driver/Src/stm32f2xx_hal_cortex.o
 .debug_line    0x000000000000781e      0xf0b ./Drivers/STM32F2xx_HAL_Driver/Src/stm32f2xx_hal_dma.o
 .debug_line    0x0000000000008729      0xb22 ./Drivers/STM32F2xx_HAL_Driver/Src/stm32f2xx_hal_gpio.o
 .debug_line    0x000000000000924b      0xe58 ./Drivers/STM32F2xx_HAL_Driver/Src/stm32f2xx_hal_rcc.o
 .debug_line    0x000000000000a0a3     0x35d2 ./Drivers/STM32F2xx_HAL_Driver/Src/stm32f2xx_hal_tim.o
 .debug_line    0x000000000000d675     0x1977 ./Drivers/STM32F2xx_HAL_Driver/Src/stm32f2xx_hal_tim_ex.o

.debug_str      0x0000000000000000    0xba6b3
 .debug_str     0x0000000000000000    0xb2ccb ./Core/Src/delay.o
                                      0xb2f99 (size before relaxing)
 .debug_str     0x00000000000b2ccb       0x77 ./Core/Src/encoders.o
                                      0xb2f20 (size before relaxing)
 .debug_str     0x00000000000b2d42      0x506 ./Core/Src/irs.o
                                      0xb33fb (size before relaxing)
 .debug_str     0x00000000000b3248      0xb91 ./Core/Src/main.o
                                      0xb3fad (size before relaxing)
 .debug_str     0x00000000000b3dd9       0x7b ./Core/Src/motors.o
                                      0xb2f28 (size before relaxing)
 .debug_str     0x00000000000b3e54      0x164 ./Core/Src/pid.o
                                      0xb303d (size before relaxing)
 .debug_str     0x00000000000b3fb8       0xd9 ./Core/Src/stm32f2xx_hal_msp.o
                                      0xb3c6f (size before relaxing)
 .debug_str     0x00000000000b4091       0xf5 ./Core/Src/stm32f2xx_it.o
                                      0xb348e (size before relaxing)
 .debug_str     0x00000000000b4186       0x5b ./Core/Src/system_stm32f2xx.o
                                      0xb2d73 (size before relaxing)
 .debug_str     0x00000000000b41e1     0x408a ./Core/Src/systick.o
                                      0xb6ff0 (size before relaxing)
 .debug_str     0x00000000000b826b       0x36 ./Core/Startup/startup_stm32f205rgtx.o
                                         0x6e (size before relaxing)
 .debug_str     0x00000000000b82a1      0x4d7 ./Drivers/STM32F2xx_HAL_Driver/Src/stm32f2xx_hal.o
                                      0xb37ea (size before relaxing)
 .debug_str     0x00000000000b8778      0x27e ./Drivers/STM32F2xx_HAL_Driver/Src/stm32f2xx_hal_adc.o
                                      0xb3379 (size before relaxing)
 .debug_str     0x00000000000b89f6      0x3eb ./Drivers/STM32F2xx_HAL_Driver/Src/stm32f2xx_hal_cortex.o
                                      0xb367d (size before relaxing)
 .debug_str     0x00000000000b8de1      0x31d ./Drivers/STM32F2xx_HAL_Driver/Src/stm32f2xx_hal_dma.o
                                      0xb31f1 (size before relaxing)
 .debug_str     0x00000000000b90fe      0x13d ./Drivers/STM32F2xx_HAL_Driver/Src/stm32f2xx_hal_gpio.o
                                      0xb2f5d (size before relaxing)
 .debug_str     0x00000000000b923b      0x282 ./Drivers/STM32F2xx_HAL_Driver/Src/stm32f2xx_hal_rcc.o
                                      0xb31f3 (size before relaxing)
 .debug_str     0x00000000000b94bd      0xd08 ./Drivers/STM32F2xx_HAL_Driver/Src/stm32f2xx_hal_tim.o
                                      0xb40ef (size before relaxing)
 .debug_str     0x00000000000ba1c5      0x4ee ./Drivers/STM32F2xx_HAL_Driver/Src/stm32f2xx_hal_tim_ex.o
                                      0xb38a0 (size before relaxing)

.comment        0x0000000000000000       0x53
 .comment       0x0000000000000000       0x53 ./Core/Src/delay.o
                                         0x54 (size before relaxing)
 .comment       0x0000000000000053       0x54 ./Core/Src/encoders.o
 .comment       0x0000000000000053       0x54 ./Core/Src/irs.o
 .comment       0x0000000000000053       0x54 ./Core/Src/main.o
 .comment       0x0000000000000053       0x54 ./Core/Src/motors.o
 .comment       0x0000000000000053       0x54 ./Core/Src/pid.o
 .comment       0x0000000000000053       0x54 ./Core/Src/stm32f2xx_hal_msp.o
 .comment       0x0000000000000053       0x54 ./Core/Src/stm32f2xx_it.o
 .comment       0x0000000000000053       0x54 ./Core/Src/system_stm32f2xx.o
 .comment       0x0000000000000053       0x54 ./Core/Src/systick.o
 .comment       0x0000000000000053       0x54 ./Drivers/STM32F2xx_HAL_Driver/Src/stm32f2xx_hal.o
 .comment       0x0000000000000053       0x54 ./Drivers/STM32F2xx_HAL_Driver/Src/stm32f2xx_hal_adc.o
 .comment       0x0000000000000053       0x54 ./Drivers/STM32F2xx_HAL_Driver/Src/stm32f2xx_hal_cortex.o
 .comment       0x0000000000000053       0x54 ./Drivers/STM32F2xx_HAL_Driver/Src/stm32f2xx_hal_dma.o
 .comment       0x0000000000000053       0x54 ./Drivers/STM32F2xx_HAL_Driver/Src/stm32f2xx_hal_gpio.o
 .comment       0x0000000000000053       0x54 ./Drivers/STM32F2xx_HAL_Driver/Src/stm32f2xx_hal_rcc.o
 .comment       0x0000000000000053       0x54 ./Drivers/STM32F2xx_HAL_Driver/Src/stm32f2xx_hal_tim.o
 .comment       0x0000000000000053       0x54 ./Drivers/STM32F2xx_HAL_Driver/Src/stm32f2xx_hal_tim_ex.o

.debug_frame    0x0000000000000000     0x3548
 .debug_frame   0x0000000000000000       0x58 ./Core/Src/delay.o
 .debug_frame   0x0000000000000058       0x70 ./Core/Src/encoders.o
 .debug_frame   0x00000000000000c8       0xec ./Core/Src/irs.o
 .debug_frame   0x00000000000001b4      0x188 ./Core/Src/main.o
 .debug_frame   0x000000000000033c       0xa0 ./Core/Src/motors.o
 .debug_frame   0x00000000000003dc      0x128 ./Core/Src/pid.o
 .debug_frame   0x0000000000000504      0x134 ./Core/Src/stm32f2xx_hal_msp.o
 .debug_frame   0x0000000000000638      0x13c ./Core/Src/stm32f2xx_it.o
 .debug_frame   0x0000000000000774       0x58 ./Core/Src/system_stm32f2xx.o
 .debug_frame   0x00000000000007cc       0x38 ./Core/Src/systick.o
 .debug_frame   0x0000000000000804      0x384 ./Drivers/STM32F2xx_HAL_Driver/Src/stm32f2xx_hal.o
 .debug_frame   0x0000000000000b88      0x3fc ./Drivers/STM32F2xx_HAL_Driver/Src/stm32f2xx_hal_adc.o
 .debug_frame   0x0000000000000f84      0x498 ./Drivers/STM32F2xx_HAL_Driver/Src/stm32f2xx_hal_cortex.o
 .debug_frame   0x000000000000141c      0x250 ./Drivers/STM32F2xx_HAL_Driver/Src/stm32f2xx_hal_dma.o
 .debug_frame   0x000000000000166c      0x14c ./Drivers/STM32F2xx_HAL_Driver/Src/stm32f2xx_hal_gpio.o
 .debug_frame   0x00000000000017b8      0x200 ./Drivers/STM32F2xx_HAL_Driver/Src/stm32f2xx_hal_rcc.o
 .debug_frame   0x00000000000019b8     0x11bc ./Drivers/STM32F2xx_HAL_Driver/Src/stm32f2xx_hal_tim.o
 .debug_frame   0x0000000000002b74      0x638 ./Drivers/STM32F2xx_HAL_Driver/Src/stm32f2xx_hal_tim_ex.o
 .debug_frame   0x00000000000031ac       0x2c c:/st/stm32cubeide_1.7.0/stm32cubeide/plugins/com.st.stm32cube.ide.mcu.externaltools.gnu-tools-for-stm32.9-2020-q2-update.win32_2.0.0.202105311346/tools/bin/../lib/gcc/arm-none-eabi/9.3.1/../../../../arm-none-eabi/lib/thumb/v7-m/nofp\libc_nano.a(lib_a-init.o)
 .debug_frame   0x00000000000031d8       0x20 c:/st/stm32cubeide_1.7.0/stm32cubeide/plugins/com.st.stm32cube.ide.mcu.externaltools.gnu-tools-for-stm32.9-2020-q2-update.win32_2.0.0.202105311346/tools/bin/../lib/gcc/arm-none-eabi/9.3.1/../../../../arm-none-eabi/lib/thumb/v7-m/nofp\libc_nano.a(lib_a-memset.o)
 .debug_frame   0x00000000000031f8       0x24 c:/st/stm32cubeide_1.7.0/stm32cubeide/plugins/com.st.stm32cube.ide.mcu.externaltools.gnu-tools-for-stm32.9-2020-q2-update.win32_2.0.0.202105311346/tools/bin/../lib/gcc/arm-none-eabi/9.3.1/thumb/v7-m/nofp\libgcc.a(_arm_mulsf3.o)
 .debug_frame   0x000000000000321c       0xac c:/st/stm32cubeide_1.7.0/stm32cubeide/plugins/com.st.stm32cube.ide.mcu.externaltools.gnu-tools-for-stm32.9-2020-q2-update.win32_2.0.0.202105311346/tools/bin/../lib/gcc/arm-none-eabi/9.3.1/thumb/v7-m/nofp\libgcc.a(_arm_addsubdf3.o)
 .debug_frame   0x00000000000032c8       0xc4 c:/st/stm32cubeide_1.7.0/stm32cubeide/plugins/com.st.stm32cube.ide.mcu.externaltools.gnu-tools-for-stm32.9-2020-q2-update.win32_2.0.0.202105311346/tools/bin/../lib/gcc/arm-none-eabi/9.3.1/thumb/v7-m/nofp\libgcc.a(_arm_cmpdf2.o)
 .debug_frame   0x000000000000338c       0x24 c:/st/stm32cubeide_1.7.0/stm32cubeide/plugins/com.st.stm32cube.ide.mcu.externaltools.gnu-tools-for-stm32.9-2020-q2-update.win32_2.0.0.202105311346/tools/bin/../lib/gcc/arm-none-eabi/9.3.1/thumb/v7-m/nofp\libgcc.a(_arm_truncdfsf2.o)
 .debug_frame   0x00000000000033b0       0x4c c:/st/stm32cubeide_1.7.0/stm32cubeide/plugins/com.st.stm32cube.ide.mcu.externaltools.gnu-tools-for-stm32.9-2020-q2-update.win32_2.0.0.202105311346/tools/bin/../lib/gcc/arm-none-eabi/9.3.1/thumb/v7-m/nofp\libgcc.a(_arm_addsubsf3.o)
 .debug_frame   0x00000000000033fc       0xc8 c:/st/stm32cubeide_1.7.0/stm32cubeide/plugins/com.st.stm32cube.ide.mcu.externaltools.gnu-tools-for-stm32.9-2020-q2-update.win32_2.0.0.202105311346/tools/bin/../lib/gcc/arm-none-eabi/9.3.1/thumb/v7-m/nofp\libgcc.a(_arm_cmpsf2.o)
 .debug_frame   0x00000000000034c4       0x24 c:/st/stm32cubeide_1.7.0/stm32cubeide/plugins/com.st.stm32cube.ide.mcu.externaltools.gnu-tools-for-stm32.9-2020-q2-update.win32_2.0.0.202105311346/tools/bin/../lib/gcc/arm-none-eabi/9.3.1/thumb/v7-m/nofp\libgcc.a(_arm_fixunssfsi.o)
 .debug_frame   0x00000000000034e8       0x2c c:/st/stm32cubeide_1.7.0/stm32cubeide/plugins/com.st.stm32cube.ide.mcu.externaltools.gnu-tools-for-stm32.9-2020-q2-update.win32_2.0.0.202105311346/tools/bin/../lib/gcc/arm-none-eabi/9.3.1/thumb/v7-m/nofp\libgcc.a(_aeabi_uldivmod.o)
 .debug_frame   0x0000000000003514       0x34 c:/st/stm32cubeide_1.7.0/stm32cubeide/plugins/com.st.stm32cube.ide.mcu.externaltools.gnu-tools-for-stm32.9-2020-q2-update.win32_2.0.0.202105311346/tools/bin/../lib/gcc/arm-none-eabi/9.3.1/thumb/v7-m/nofp\libgcc.a(_udivmoddi4.o)
